---
source: crates/solite-cli/src/commands/codegen.rs
expression: result
snapshot_kind: text
---
setup: []
exports:
  - name: xxx
    result_type: Rows
    sql: "select 1, 2, 3;"
    parameters: []
    columns:
      - name: "1"
        origin_database: ~
        origin_table: ~
        origin_column: ~
        decltype: ~
      - name: "2"
        origin_database: ~
        origin_table: ~
        origin_column: ~
        decltype: ~
      - name: "3"
        origin_database: ~
        origin_table: ~
        origin_column: ~
        decltype: ~
