---
source: crates/solite_fmt/src/tests.rs
expression: "snapshot(sql, &config)"
snapshot_kind: text
---
-- Input:
-- -- first query
-- select a from t;
-- -- second query
-- select b from u;
-- -- third query
-- select c from v

-- Output:
-- first query
select a from t;
-- second query
select b from u;
-- third query
select c from v;
