---
source: crates/solite_fmt/src/tests.rs
expression: "snapshot(sql, &config)"
snapshot_kind: text
---
-- Input:
-- create table t (a integer, b integer, c integer generated always as (a + b) stored)

-- Output:
create table t(
  a integer,
  b integer,
  c integer generated always as(a + b) stored
);
