---
source: crates/solite-fmt/src/tests.rs
expression: "snapshot(sql, &config)"
snapshot_kind: text
---
-- Input:
-- select begin, commit, rollback, savepoint, release, transaction, deferred, immediate, exclusive from t

-- Output:
select
  "begin",
  "commit",
  "rollback",
  "savepoint",
  "release",
  transaction,
  deferred,
  immediate,
  exclusive
from t;
