---
source: crates/solite_fmt/src/tests.rs
expression: "snapshot(sql, &config)"
snapshot_kind: text
---
-- Input:
-- create table orders (id integer primary key, user_id integer references users(id))

-- Output:
create table orders(
  id integer primary key,
  user_id integer references users(id)
);
