# serializer version: 1
# name: test_err
  dict({
    'stderr': '''
      error[1]: SQL logic error
        ┌─ [repl]:1:8
        │
      1 │ select xxx();
        │        ^^^ no such function: xxx
      
  
    ''',
    'stdout': '''
      Solite REDACTED (SQLite 3.50.1)
      Enter ".help" for usage hints.
      Connected to a transient in-memory database.
      ^D
  
    ''',
  })
# ---
# name: test_repl
  '''
  Solite VERSION (SQLite 3.50.1)
  Enter ".help" for usage hints.
  Connected to a transient in-memory database.
  ┌───────┐
  │ 1 + 1 │
  ├───────┤
  │     2 │
  └───────┘
  ^D
  
  '''
# ---
