# serializer version: 1
# name: test_help[--help]
  '''
  Solite CLI
  
  Usage: solite [COMMAND]
  
  Commands:
    run      Run SQL scripts
    repl     Start a REPL on a SQLite database
    query    Run a read-only SQL query and output results to a file
    execute  Execute a write SQL statement on a database
    test     Run SQL-based inline tests in a single file
    jupyter  Manage the Solite Jupyter kernel
    docs     Tooling for documenting SQLite extensions
    bench    Run benchmarks on SQL statements
    codegen  Codegen SQL queries into an intermediate representation
    tui      Tui for exploring a database
    fmt      Format SQL files
    lint     Lint SQL files for potential issues
    lsp      Start the Language Server Protocol (LSP) server
    sqlite3  Run the sqlite3 shell directly
    schema   Print the schema of a database
    help     Print this message or the help of the given subcommand(s)
  
  Options:
    -h, --help     Print help
    -V, --version  Print version
  
  '''
# ---
# name: test_help[jupyter --help]
  '''
  Manage the Solite Jupyter kernel
  
  Usage: solite jupyter <COMMAND>
  
  Commands:
    install  
    up       
    help     Print this message or the help of the given subcommand(s)
  
  Options:
    -h, --help  Print help
  
  '''
# ---
# name: test_help[query --help]
  '''
  Run a read-only SQL query and output results to a file
  
  Usage: solite query [OPTIONS] <STATEMENT> [DATABASE]
  
  Arguments:
    <STATEMENT>  
    [DATABASE]   
  
  Options:
    -o, --output <OUTPUT>
            
    -f, --format <FORMAT>
            [possible values: csv, tsv, json, ndjson, value, clipboard]
    -p, --parameters <PARAMETERS> <PARAMETERS>
            
        --load-extension <LOAD_EXTENSION>
            
    -h, --help
            Print help
  
  '''
# ---
# name: test_help[repl --help]
  '''
  Start a REPL on a SQLite database
  
  Usage: solite repl [DATABASE]
  
  Arguments:
    [DATABASE]  
  
  Options:
    -h, --help  Print help
  
  '''
# ---
# name: test_help[run --help]
  '''
  Run SQL scripts
  
  Usage: solite run [OPTIONS] [ARGS]...
  
  Arguments:
    [ARGS]...  Positional args: [database] [script.sql] [procedureName]
  
  Options:
    -c, --command <COMMAND>
            Execute SQL/dot commands from the given string (instead of a .sql file)
    -p, --parameters <PARAMETERS> <PARAMETERS>
            
        --trace <TRACE>
            
        --readonly
            
    -h, --help
            Print help
  
  '''
# ---
