---
source: crates/solite-cli/src/commands/tui/test_tui.rs
expression: self.terminal.backend()
snapshot_kind: text
---
"t (1 row)                            Solite                       ? help  q quit"
"a                          b                          c                         "
"                         1 asdf                       3.50.1                    "
"                                                                                "
"                                                                                "
"                                                                                "
"                                                                                "
"                                                                                "
"                                                                                "
"                                                                                "
"                                                                                "
"                                                                                "
"                                                                                "
"                                                                                "
"                                                                                "
"                                                                                "
"                                                                                "
"                                                                                "
"────────────────────────────────────────────────────────────────────────────────"
"        h/j/k/l navigate  [ sort asc  ] sort desc  │    y/c copy  q back        "
