---
source: crates/solite-cli/src/commands/tui/test_tui.rs
expression: self.terminal.backend()
---
"                                     Solite                       ? help  q quit"
"                        ┌2 tables──────────────────────┐                        "
"                        │›  1 t                        │                        "
"                        │   2 t2                       │                        "
"                        │                              │                        "
"                        │                              │                        "
"                        │                              │                        "
"                        │                              │                        "
"                        │                              │                        "
"                        │                              │                        "
"                        │                              │                        "
"                        │                              │                        "
"                        │                              │                        "
"                        │                              │                        "
"                        │                              │                        "
"                        │                              │                        "
"                        │                              │                        "
"                        └──────────────────────────────┘                        "
"────────────────────────────────────────────────────────────────────────────────"
"                 j/k navigate  1-9 jump  Enter open  q/Esc quit                 "
