---
source: crates/solite-cli/src/commands/tui/test_tui.rs
expression: self.terminal.backend()
snapshot_kind: text
---
"t 1 rows                           Solite TUI                          q to quit"
"a                          b                          c                         "
"                         1 asdf                       3.50.1                    "
"                                                                                "
"                                                                                "
"                                                                                "
"                                                                                "
"                                                                                "
"                                                                                "
"                                                                                "
"                                                                                "
"                                                                                "
"                                                                                "
"                                                                                "
"                                                                                "
"                                                                                "
"                                                                                "
"                                                                                "
"                                                                                "
"                                                                                "
