---
source: crates/solite-cli/src/commands/tui/test_tui.rs
expression: self.terminal.backend()
snapshot_kind: text
---
"t2 (2+ rows)                         Solite                       ? help  q quit"
"c1              c2              c3               c4              c5             "
"              1               2                3               4               5"
"a               b               c                d               e              "
"                                                                                "
"                                                                                "
"                                                                                "
"                                                                                "
"                                                                                "
"                                                                                "
"                                                                                "
"                                                                                "
"                                                                                "
"                                                                                "
"                                                                                "
"                                                                                "
"                                                                                "
"                                 Row 1 of 2+ ⠋                                  "
"────────────────────────────────────────────────────────────────────────────────"
"   h/j/k/l navigate  Enter view row  [ sort asc  ] desc  │    y/c copy  q back  "
