---
source: crates/solite-cli/src/commands/tui/test_tui.rs
expression: self.terminal.backend()
---
"empty (0 rows)                       Solite               ? help  q back  Q quit"
"a   b                                                                           "
"                                                                                "
"                                                                                "
"                                                                                "
"                                                                                "
"                                                                                "
"                                                                                "
"                                                                                "
"                                                                                "
"                                                                                "
"                                                                                "
"                                                                                "
"                                                                                "
"                                                                                "
"                                                                                "
"                                                                                "
"                                                                                "
"────────────────────────────────────────────────────────────────────────────────"
" h/j/k/l navigate  Enter view row  [ sort asc  ] sort desc  y/c copy  q/Esc back"
